// Jest Snapshot v1, https://goo.gl/fbAQLP

exports[`Search input component should match snapshot 1`] = `
<form
  action=""
  class="search-form"
>
  <div
    class="form-element"
  >
    <input
      autocapitalize="off"
      autocomplete="off"
      autocorrect="off"
      class="search-input"
      name="query"
      placeholder="Zoeken"
      spellcheck="off"
      type="search"
    >
      
    </input>
    <button
      class="search-button"
      type="submit"
    >
      <svg
        class="sc-bdVaJa fUuvxv"
        fill="#777"
        height="17px"
        rotate="0"
        viewBox="0 0 1024 1024"
        width="17px"
      >
        <path
          d="M689 596c30-47.2 47.6-103.2 47.6-163.4 0-168.2-136.2-304.6-304.2-304.6-168.2 0-304.4 136.4-304.4 304.6s136.2 304.6 304.2 304.6c61 0 117.8-18 165.4-48.8l13.8-9.6 217.2 217.2 67.4-68.6-217-217.2 10-14.2zM602.8 262.4c45.4 45.4 70.4 105.8 70.4 170s-25 124.6-70.4 170c-45.4 45.4-105.8 70.4-170 70.4s-124.6-25-170-70.4c-45.4-45.4-70.4-105.8-70.4-170s25-124.6 70.4-170c45.4-45.4 105.8-70.4 170-70.4s124.6 25 170 70.4z"
        >
          
        </path>
      </svg>
    </button>
  </div>
</form>
`;
